<?xml version="1.0" encoding="UTF-8"?>
<TestRun id="ca76744d-55ea-493e-ab5b-ed9891f3ef0f" name="Mark@SHTANKY 2012-06-22 18:03:12" runUser="Shtanky\Mark" xmlns="http://microsoft.com/schemas/VisualStudio/TeamTest/2010">
  <TestSettings name="Local Test Run" id="d25656e5-eac1-495e-87e3-370cd44268f9">
    <Description>This is a default test run configuration for a local test run.</Description>
    <Deployment runDeploymentRoot="Mark_SHTANKY 2012-06-22 18_03_12">
      <DeploymentItem filename="C:\Users\Mark\Documents\Sailing\MatchRacing\TournamentFormatResearch\Simulation\SimulationSolution\TournamentSimulation\bin\Debug\TournamentSimulation.dll" />
      <DeploymentItem filename="C:\Users\Mark\Documents\Sailing\MatchRacing\TournamentFormatResearch\Simulation\SimulationSolution\ReferencedAssemblies\MathNet.Iridium.dll" />
    </Deployment>
    <Execution>
      <TestTypeSpecific />
      <AgentRule name="Execution Agents">
      </AgentRule>
    </Execution>
  </TestSettings>
  <Times creation="2012-06-22T18:03:12.6158000-05:00" queuing="2012-06-22T18:03:12.7848000-05:00" start="2012-06-22T18:03:12.7918000-05:00" finish="2012-06-22T18:03:13.0798000-05:00" />
  <ResultSummary outcome="Completed">
    <Counters total="1" executed="1" passed="1" error="0" failed="0" timeout="0" aborted="0" inconclusive="0" passedButRunAborted="0" notRunnable="0" notExecuted="0" disconnected="0" warning="0" completed="0" inProgress="0" pending="0" />
  </ResultSummary>
  <TestDefinitions>
    <UnitTest name="GetStandardCompetitorsTest" storage="c:\users\mark\documents\sailing\matchracing\tournamentformatresearch\simulation\simulationsolution\tournamentsimulation.test\bin\debug\tournamentsimulation.test.dll" id="de833cff-6770-bf57-9f5d-585c9a90a940">
      <Execution id="e1405b37-ceb3-4eef-971f-5f054f99e529" />
      <TestMethod codeBase="C:/Users/Mark/Documents/Sailing/MatchRacing/TournamentFormatResearch/Simulation/SimulationSolution/TournamentSimulation.Test/bin/Debug/TournamentSimulation.Test.DLL" adapterTypeName="Microsoft.VisualStudio.TestTools.TestTypes.Unit.UnitTestAdapter, Microsoft.VisualStudio.QualityTools.Tips.UnitTest.Adapter, Version=10.0.0.0, Culture=neutral, PublicKeyToken=b03f5f7f11d50a3a" className="TournamentSimulation.Test.CompetitorListHelperTest, TournamentSimulation.Test, Version=1.0.0.0, Culture=neutral, PublicKeyToken=null" name="GetStandardCompetitorsTest" />
    </UnitTest>
  </TestDefinitions>
  <TestLists>
    <TestList name="Results Not in a List" id="8c84fa94-04c1-424b-9868-57a2d4851a1d" />
    <TestList name="All Loaded Results" id="19431567-8539-422a-85d7-44ee4e166bda" />
  </TestLists>
  <TestEntries>
    <TestEntry testId="de833cff-6770-bf57-9f5d-585c9a90a940" executionId="e1405b37-ceb3-4eef-971f-5f054f99e529" testListId="8c84fa94-04c1-424b-9868-57a2d4851a1d" />
  </TestEntries>
  <Results>
    <UnitTestResult executionId="e1405b37-ceb3-4eef-971f-5f054f99e529" testId="de833cff-6770-bf57-9f5d-585c9a90a940" testName="GetStandardCompetitorsTest" computerName="SHTANKY" duration="00:00:00.0160028" startTime="2012-06-22T18:03:12.7958000-05:00" endTime="2012-06-22T18:03:13.0628000-05:00" testType="13cdc9d9-ddb5-4fa4-a97d-d965ccfc6d4b" outcome="Passed" testListId="8c84fa94-04c1-424b-9868-57a2d4851a1d" relativeResultsDirectory="e1405b37-ceb3-4eef-971f-5f054f99e529">
      <Output>
        <DebugTrace>Competitor A: Rating 80
Competitor B: Rating 70
Competitor C: Rating 60
Competitor D: Rating 50
Competitor E: Rating 40
Competitor F: Rating 30
Competitor G: Rating 20
Competitor H: Rating 10
</DebugTrace>
      </Output>
    </UnitTestResult>
  </Results>
</TestRun>